// Jest Snapshot v1, https://goo.gl/fbAQLP

exports[`renders correctly 1`] = `
<div
  className="aj-mobile-hamburger ajMobileHamburger-0-2-1"
  onClick={[Function]}
>
  <button
    type="button"
  >
    <span
      className="aj-mobile-hamburger-inactive ajMobileHamburgerInactive-0-2-3"
    />
  </button>
</div>
`;
