// Jest Snapshot v1, https://goo.gl/fbAQLP

exports[`renders correctly 1`] = `
<div
  className="ajNavTextCircle-0-2-1 textLeft-0-2-3"
>
  <div
    className="aj-nav-circle ajNavCircle-0-2-5 ajNavCircle-d0-0-2-13 active-0-2-6"
    onClick={[Function]}
  >
    <figure>
      <img
        alt=""
        className="nav-right right-0-2-12 img-0-2-8 img-d1-0-2-14"
        src="test-file-stub"
      />
    </figure>
  </div>
  <div
    className="description-0-2-4"
  >
    Navigate
  </div>
</div>
`;
