// Jest Snapshot v1, https://goo.gl/fbAQLP

exports[`renders correctly 1`] = `
<div
  className="aj-responsive-grid ajResponsiveGrid-0-2-1 ajResponsiveGrid-d0-0-2-2"
>
  <div
    className="ajTextCard-0-2-3 aj-text-card"
  >
    <div
      className="aj-text-card-header"
    >
      <h2
        className="aj-text-card-title"
      >
        Snapshot Test 1
      </h2>
      <p
        className="aj-text-card-subtitle"
      >
        subtitle
      </p>
    </div>
    <div
      className="aj-text-card-body"
    >
      <p
        className="aj-text-card-content"
      >
        content
      </p>
    </div>
    <div
      className="aj-text-card-footer"
    >
      <div
        className="ajBaseButton-0-2-7 ajBaseButtonEnabled-0-2-8 aj-text-button ajTextButton-0-2-4 ajTextButtonEnabled-0-2-5"
        onClick={[Function]}
      >
        <button
          disabled={false}
          type="button"
        >
          More Info
        </button>
      </div>
    </div>
  </div>
  <div
    className="ajTextCard-0-2-3 aj-text-card"
  >
    <div
      className="aj-text-card-header"
    >
      <h2
        className="aj-text-card-title"
      >
        Snapshot Test 2
      </h2>
      <p
        className="aj-text-card-subtitle"
      >
        subtitle
      </p>
    </div>
    <div
      className="aj-text-card-body"
    >
      <p
        className="aj-text-card-content"
      >
        content
      </p>
    </div>
    <div
      className="aj-text-card-footer"
    >
      <div
        className="ajBaseButton-0-2-7 ajBaseButtonEnabled-0-2-8 aj-text-button ajTextButton-0-2-4 ajTextButtonEnabled-0-2-5"
        onClick={[Function]}
      >
        <button
          disabled={false}
          type="button"
        >
          More Info
        </button>
      </div>
    </div>
  </div>
</div>
`;
